[node 1] starting (client port=5001, peer port=6001)
[node 1] peer: node 2 @ 127.0.0.1:6002
[node 1] peer: node 3 @ 127.0.0.1:6003
[node 1] peer: node 4 @ 127.0.0.1:6004
[node 1] peer: node 5 @ 127.0.0.1:6005
[node 1] persistent state loaded: currentTerm=9 votedFor=5 log=[1003 entries] commitIndex=1003
[node 1] entering FOLLOWER state, term 0
[node 1] ready for client commands on port 5001
[node 1] listening for peer RPCs on port 6001
[node 1] client connected
[node 1] client disconnected
[node 1] client connected
[node 1] client disconnected
[node 1] client connected
[node 1] client disconnected
[node 1] client connected
[node 1] client disconnected
[node 1] client connected
[node 1] client disconnected
[node 1] client connected
[node 1] client disconnected
[node 1] client connected
[node 1] client disconnected
[node 1] election timeout -> CANDIDATE term 10
[node 1] client connected
[node 1] client disconnected
[node 1] election timeout -> CANDIDATE term 11
[node 1] client connected
[node 1] client disconnected
[node 1] client connected
[node 1] client disconnected
[node 1] client connected
[node 1] client disconnected
[node 1] client connected
[node 1] client disconnected
[node 1] client connected
[node 1] client disconnected
