[node 2] starting (client port=5002, peer port=6002)
[node 2] peer: node 1 @ 127.0.0.1:6001
[node 2] peer: node 3 @ 127.0.0.1:6003
[node 2] peer: node 4 @ 127.0.0.1:6004
[node 2] peer: node 5 @ 127.0.0.1:6005
[node 2] persistent state loaded: currentTerm=9 votedFor=none log=[1003 entries] commitIndex=1003
[node 2] entering FOLLOWER state, term 0
[node 2] ready for client commands on port 5002
[node 2] listening for peer RPCs on port 6002
[node 2] client connected
[node 2] client disconnected
[node 2] client connected
[node 2] client disconnected
[node 2] client connected
[node 2] client disconnected
[node 2] election timeout -> CANDIDATE term 10
[node 2] client connected
[node 2] client disconnected
[node 2] voted for node 4 in term 11
[node 2] client connected
[node 2] client disconnected
[node 2] client connected
[node 2] client disconnected
[node 2] client connected
[node 2] client disconnected
